Archive member included because of file (symbol)

c:/winavr-20100110/bin/../lib/gcc/avr/4.3.3/avr5\libgcc.a(_udivmodqi4.o)
                              DMM.o (__udivmodqi4)
c:/winavr-20100110/bin/../lib/gcc/avr/4.3.3/avr5\libgcc.a(_udivmodhi4.o)
                              lcd_lib.o (__udivmodhi4)
c:/winavr-20100110/bin/../lib/gcc/avr/4.3.3/avr5\libgcc.a(_divmodhi4.o)
                              lcd_lib.o (__divmodhi4)
c:/winavr-20100110/bin/../lib/gcc/avr/4.3.3/avr5\libgcc.a(_exit.o)
                              c:/winavr-20100110/bin/../lib/gcc/avr/4.3.3/../../../../avr/lib/avr5/crtm644.o (exit)
c:/winavr-20100110/bin/../lib/gcc/avr/4.3.3/avr5\libgcc.a(_copy_data.o)
                              DMM.o (__do_copy_data)
c:/winavr-20100110/bin/../lib/gcc/avr/4.3.3/avr5\libgcc.a(_clear_bss.o)
                              DMM.o (__do_clear_bss)
c:/winavr-20100110/bin/../lib/gcc/avr/4.3.3/../../../../avr/lib/avr5\libc.a(fputs.o)
                              uart.o (fputs)
c:/winavr-20100110/bin/../lib/gcc/avr/4.3.3/../../../../avr/lib/avr5\libc.a(iob.o)
                              uart.o (__iob)
c:/winavr-20100110/bin/../lib/gcc/avr/4.3.3/avr5\libgcc.a(_epilogue.o)
                              c:/winavr-20100110/bin/../lib/gcc/avr/4.3.3/../../../../avr/lib/avr5\libc.a(fputs.o) (__epilogue_restores__)

Allocating common symbols
Common symbol       size              file

rangeIdxMod         0x1               DMM.o
elapsedTime         0x2               DMM.o
autoRange           0x1               DMM.o
keyState            0x1               DMM.o
triggerPoll         0x1               DMM.o
mode                0x1               DMM.o
prevKeyState        0x1               DMM.o
curKey              0x1               DMM.o
debounceTime        0x2               DMM.o
checkKey            0x1               DMM.o
returnMode          0x1               DMM.o
rangeIdx            0x1               DMM.o
manPage             0x1               DMM.o
__iob               0x6               c:/winavr-20100110/bin/../lib/gcc/avr/4.3.3/../../../../avr/lib/avr5\libc.a(iob.o)
justSwitched        0x1               DMM.o

Memory Configuration

Name             Origin             Length             Attributes
text             0x00000000         0x00020000         xr
data             0x00800060         0x0000ffa0         rw !x
eeprom           0x00810000         0x00010000         rw !x
fuse             0x00820000         0x00000400         rw !x
lock             0x00830000         0x00000400         rw !x
signature        0x00840000         0x00000400         rw !x
*default*        0x00000000         0xffffffff

Linker script and memory map

Address of section .data set to 0x800100
LOAD c:/winavr-20100110/bin/../lib/gcc/avr/4.3.3/../../../../avr/lib/avr5/crtm644.o
LOAD DMM.o
LOAD lcd_lib.o
LOAD uart.o
LOAD c:/winavr-20100110/bin/../lib/gcc/avr/4.3.3/avr5\libgcc.a
LOAD c:/winavr-20100110/bin/../lib/gcc/avr/4.3.3/../../../../avr/lib/avr5\libc.a
LOAD c:/winavr-20100110/bin/../lib/gcc/avr/4.3.3/avr5\libgcc.a

.hash
 *(.hash)

.dynsym
 *(.dynsym)

.dynstr
 *(.dynstr)

.gnu.version
 *(.gnu.version)

.gnu.version_d
 *(.gnu.version_d)

.gnu.version_r
 *(.gnu.version_r)

.rel.init
 *(.rel.init)

.rela.init
 *(.rela.init)

.rel.text
 *(.rel.text)
 *(.rel.text.*)
 *(.rel.gnu.linkonce.t*)

.rela.text
 *(.rela.text)
 *(.rela.text.*)
 *(.rela.gnu.linkonce.t*)

.rel.fini
 *(.rel.fini)

.rela.fini
 *(.rela.fini)

.rel.rodata
 *(.rel.rodata)
 *(.rel.rodata.*)
 *(.rel.gnu.linkonce.r*)

.rela.rodata
 *(.rela.rodata)
 *(.rela.rodata.*)
 *(.rela.gnu.linkonce.r*)

.rel.data
 *(.rel.data)
 *(.rel.data.*)
 *(.rel.gnu.linkonce.d*)

.rela.data
 *(.rela.data)
 *(.rela.data.*)
 *(.rela.gnu.linkonce.d*)

.rel.ctors
 *(.rel.ctors)

.rela.ctors
 *(.rela.ctors)

.rel.dtors
 *(.rel.dtors)

.rela.dtors
 *(.rela.dtors)

.rel.got
 *(.rel.got)

.rela.got
 *(.rela.got)

.rel.bss
 *(.rel.bss)

.rela.bss
 *(.rela.bss)

.rel.plt
 *(.rel.plt)

.rela.plt
 *(.rela.plt)

.text           0x00000000      0xe9a
 *(.vectors)
 .vectors       0x00000000       0x70 c:/winavr-20100110/bin/../lib/gcc/avr/4.3.3/../../../../avr/lib/avr5/crtm644.o
                0x00000000                __vectors
                0x00000000                __vector_default
 *(.vectors)
 *(.progmem.gcc*)
 *(.progmem*)
 .progmem.data  0x00000070      0x197 DMM.o
                0x00000199                LCDOhmManTop
                0x0000015d                LCDNavigation2Top
                0x000000ee                LCD10kHz
                0x0000014b                LCDNavigation1Bot
                0x000001b3                LCDFreqManTop
                0x000001d1                LCDAutorangeMan1Top
                0x00000114                LCDFreq
                0x0000017d                LCDVoltManTop
                0x000001f6                LCDAutorangeMan2Bot
                0x000001e9                LCDAutorangeMan2Top
                0x000000b5                LCD256Volts
                0x00000082                LCDHelloBot
                0x0000011f                LCDManWelcomeTop
                0x000000e7                LCD1kHz
                0x00000139                LCDNavigation1Top
                0x000000c1                LCD11Volts
                0x0000018e                LCDVoltManBot
                0x00000094                LCDRange
                0x0000010a                LCDOhm
                0x000001a9                LCDOhmManBot
                0x000000dd                LCD100kOhm
                0x000000cc                LCD1kOhm
                0x0000012a                LCDManWelcomeBot
                0x0000016e                LCDNavigation2Bot
                0x000000ac                LCD5Volts
                0x000000fe                LCDVolt
                0x000001de                LCDAutorangeMan1Bot
                0x00000070                LCDHelloTop
                0x000000f6                LCDMode
                0x000001c4                LCDFreqManBot
                0x0000009d                LCDAutorangeOn
                0x000000d4                LCD10kOhm
 .progmem.data  0x00000207       0x40 lcd_lib.o
                0x00000207                LcdCustomChar
                0x00000248                . = ALIGN (0x2)
 *fill*         0x00000247        0x1 00
                0x00000248                __trampolines_start = .
 *(.trampolines)
 .trampolines   0x00000248        0x0 linker stubs
 *(.trampolines*)
                0x00000248                __trampolines_end = .
 *(.jumptables)
 *(.jumptables*)
 *(.lowtext)
 *(.lowtext*)
                0x00000248                __ctors_start = .
 *(.ctors)
                0x00000248                __ctors_end = .
                0x00000248                __dtors_start = .
 *(.dtors)
                0x00000248                __dtors_end = .
 SORT(*)(.ctors)
 SORT(*)(.dtors)
 *(.init0)
 .init0         0x00000248        0x0 c:/winavr-20100110/bin/../lib/gcc/avr/4.3.3/../../../../avr/lib/avr5/crtm644.o
                0x00000248                __init
 *(.init0)
 *(.init1)
 *(.init1)
 *(.init2)
 .init2         0x00000248        0xc c:/winavr-20100110/bin/../lib/gcc/avr/4.3.3/../../../../avr/lib/avr5/crtm644.o
 *(.init2)
 *(.init3)
 *(.init3)
 *(.init4)
 .init4         0x00000254       0x16 c:/winavr-20100110/bin/../lib/gcc/avr/4.3.3/avr5\libgcc.a(_copy_data.o)
                0x00000254                __do_copy_data
 .init4         0x0000026a       0x10 c:/winavr-20100110/bin/../lib/gcc/avr/4.3.3/avr5\libgcc.a(_clear_bss.o)
                0x0000026a                __do_clear_bss
 *(.init4)
 *(.init5)
 *(.init5)
 *(.init6)
 *(.init6)
 *(.init7)
 *(.init7)
 *(.init8)
 *(.init8)
 *(.init9)
 .init9         0x0000027a        0x8 c:/winavr-20100110/bin/../lib/gcc/avr/4.3.3/../../../../avr/lib/avr5/crtm644.o
 *(.init9)
 *(.text)
 .text          0x00000282        0x4 c:/winavr-20100110/bin/../lib/gcc/avr/4.3.3/../../../../avr/lib/avr5/crtm644.o
                0x00000282                __vector_22
                0x00000282                __vector_1
                0x00000282                __vector_24
                0x00000282                __vector_12
                0x00000282                __bad_interrupt
                0x00000282                __vector_6
                0x00000282                __vector_3
                0x00000282                __vector_23
                0x00000282                __vector_25
                0x00000282                __vector_11
                0x00000282                __vector_13
                0x00000282                __vector_17
                0x00000282                __vector_19
                0x00000282                __vector_7
                0x00000282                __vector_27
                0x00000282                __vector_5
                0x00000282                __vector_4
                0x00000282                __vector_9
                0x00000282                __vector_2
                0x00000282                __vector_21
                0x00000282                __vector_15
                0x00000282                __vector_8
                0x00000282                __vector_26
                0x00000282                __vector_14
                0x00000282                __vector_10
                0x00000282                __vector_18
                0x00000282                __vector_20
 .text          0x00000286      0x660 DMM.o
                0x000002c4                Debounce
                0x000003a4                UpdateManState
                0x00000390                getCurKey
                0x00000286                ScanKeypad
                0x0000067a                InitLCD
                0x00000716                main
                0x000004a2                UpdateDMMState
                0x000006a8                Initialize
                0x00000606                __vector_16
 .text          0x000008e6      0x2ea lcd_lib.o
                0x00000a30                LCDinit
                0x00000b18                LCDcursorLeft
                0x00000b00                LCDcursorOFF
                0x00000af0                LCDcursorOn
                0x00000928                LCDsendCommand
                0x00000ad4                LCDshiftRight
                0x00000b34                LCDcursorRight
                0x000009e8                LCDdefinechar
                0x00000ab8                LCDshiftLeft
                0x000008e6                LCDsendChar
                0x00000b10                LCDvisible
                0x0000096a                LCDhome
                0x000009ba                CopyStringtoLCD
                0x00000b50                LCDprogressBar
                0x00000af8                LCDcursorOnBlink
                0x0000099c                LCDGotoXY
                0x00000962                LCDclr
                0x00000972                LCDstring
                0x00000b08                LCDblank
 .text          0x00000bd0      0x1d8 uart.o
                0x00000c16                uart_getchar
                0x00000bd0                uart_init
                0x00000bde                uart_putchar
 .text          0x00000da8        0x0 c:/winavr-20100110/bin/../lib/gcc/avr/4.3.3/avr5\libgcc.a(_udivmodqi4.o)
 .text          0x00000da8        0x0 c:/winavr-20100110/bin/../lib/gcc/avr/4.3.3/avr5\libgcc.a(_udivmodhi4.o)
 .text          0x00000da8        0x0 c:/winavr-20100110/bin/../lib/gcc/avr/4.3.3/avr5\libgcc.a(_divmodhi4.o)
 .text          0x00000da8        0x0 c:/winavr-20100110/bin/../lib/gcc/avr/4.3.3/avr5\libgcc.a(_exit.o)
 .text          0x00000da8        0x0 c:/winavr-20100110/bin/../lib/gcc/avr/4.3.3/avr5\libgcc.a(_copy_data.o)
 .text          0x00000da8        0x0 c:/winavr-20100110/bin/../lib/gcc/avr/4.3.3/avr5\libgcc.a(_clear_bss.o)
 .text          0x00000da8        0x0 c:/winavr-20100110/bin/../lib/gcc/avr/4.3.3/../../../../avr/lib/avr5\libc.a(fputs.o)
 .text          0x00000da8        0x0 c:/winavr-20100110/bin/../lib/gcc/avr/4.3.3/../../../../avr/lib/avr5\libc.a(iob.o)
 .text          0x00000da8        0x0 c:/winavr-20100110/bin/../lib/gcc/avr/4.3.3/avr5\libgcc.a(_epilogue.o)
                0x00000da8                . = ALIGN (0x2)
 *(.text.*)
 .text.libgcc   0x00000da8       0x18 c:/winavr-20100110/bin/../lib/gcc/avr/4.3.3/avr5\libgcc.a(_udivmodqi4.o)
                0x00000da8                __udivmodqi4
 .text.libgcc   0x00000dc0       0x28 c:/winavr-20100110/bin/../lib/gcc/avr/4.3.3/avr5\libgcc.a(_udivmodhi4.o)
                0x00000dc0                __udivmodhi4
 .text.libgcc   0x00000de8       0x26 c:/winavr-20100110/bin/../lib/gcc/avr/4.3.3/avr5\libgcc.a(_divmodhi4.o)
                0x00000de8                __divmodhi4
                0x00000de8                _div
 .text.libgcc   0x00000e0e        0x0 c:/winavr-20100110/bin/../lib/gcc/avr/4.3.3/avr5\libgcc.a(_exit.o)
 .text.libgcc   0x00000e0e        0x0 c:/winavr-20100110/bin/../lib/gcc/avr/4.3.3/avr5\libgcc.a(_copy_data.o)
 .text.libgcc   0x00000e0e        0x0 c:/winavr-20100110/bin/../lib/gcc/avr/4.3.3/avr5\libgcc.a(_clear_bss.o)
 .text.avr-libc
                0x00000e0e       0x52 c:/winavr-20100110/bin/../lib/gcc/avr/4.3.3/../../../../avr/lib/avr5\libc.a(fputs.o)
                0x00000e0e                fputs
 .text.libgcc   0x00000e60       0x36 c:/winavr-20100110/bin/../lib/gcc/avr/4.3.3/avr5\libgcc.a(_epilogue.o)
                0x00000e60                __epilogue_restores__
                0x00000e96                . = ALIGN (0x2)
 *(.fini9)
 .fini9         0x00000e96        0x0 c:/winavr-20100110/bin/../lib/gcc/avr/4.3.3/avr5\libgcc.a(_exit.o)
                0x00000e96                exit
                0x00000e96                _exit
 *(.fini9)
 *(.fini8)
 *(.fini8)
 *(.fini7)
 *(.fini7)
 *(.fini6)
 *(.fini6)
 *(.fini5)
 *(.fini5)
 *(.fini4)
 *(.fini4)
 *(.fini3)
 *(.fini3)
 *(.fini2)
 *(.fini2)
 *(.fini1)
 *(.fini1)
 *(.fini0)
 .fini0         0x00000e96        0x4 c:/winavr-20100110/bin/../lib/gcc/avr/4.3.3/avr5\libgcc.a(_exit.o)
 *(.fini0)
                0x00000e9a                _etext = .

.data           0x00800100       0x26 load address 0x00000e9a
                0x00800100                PROVIDE (__data_start, .)
 *(.data)
 .data          0x00800100        0x0 c:/winavr-20100110/bin/../lib/gcc/avr/4.3.3/../../../../avr/lib/avr5/crtm644.o
 .data          0x00800100       0x1e DMM.o
                0x00800100                uart_str
                0x0080010e                keytbl
 .data          0x0080011e        0x0 lcd_lib.o
 .data          0x0080011e        0x8 uart.o
 .data          0x00800126        0x0 c:/winavr-20100110/bin/../lib/gcc/avr/4.3.3/avr5\libgcc.a(_udivmodqi4.o)
 .data          0x00800126        0x0 c:/winavr-20100110/bin/../lib/gcc/avr/4.3.3/avr5\libgcc.a(_udivmodhi4.o)
 .data          0x00800126        0x0 c:/winavr-20100110/bin/../lib/gcc/avr/4.3.3/avr5\libgcc.a(_divmodhi4.o)
 .data          0x00800126        0x0 c:/winavr-20100110/bin/../lib/gcc/avr/4.3.3/avr5\libgcc.a(_exit.o)
 .data          0x00800126        0x0 c:/winavr-20100110/bin/../lib/gcc/avr/4.3.3/avr5\libgcc.a(_copy_data.o)
 .data          0x00800126        0x0 c:/winavr-20100110/bin/../lib/gcc/avr/4.3.3/avr5\libgcc.a(_clear_bss.o)
 .data          0x00800126        0x0 c:/winavr-20100110/bin/../lib/gcc/avr/4.3.3/../../../../avr/lib/avr5\libc.a(fputs.o)
 .data          0x00800126        0x0 c:/winavr-20100110/bin/../lib/gcc/avr/4.3.3/../../../../avr/lib/avr5\libc.a(iob.o)
 .data          0x00800126        0x0 c:/winavr-20100110/bin/../lib/gcc/avr/4.3.3/avr5\libgcc.a(_epilogue.o)
 *(.data*)
 *(.rodata)
 *(.rodata*)
 *(.gnu.linkonce.d*)
                0x00800126                . = ALIGN (0x2)
                0x00800126                _edata = .
                0x00800126                PROVIDE (__data_end, .)

.bss            0x00800126       0x68
                0x00800126                PROVIDE (__bss_start, .)
 *(.bss)
 .bss           0x00800126        0x0 c:/winavr-20100110/bin/../lib/gcc/avr/4.3.3/../../../../avr/lib/avr5/crtm644.o
 .bss           0x00800126        0x0 DMM.o
 .bss           0x00800126        0x0 lcd_lib.o
 .bss           0x00800126       0x52 uart.o
 .bss           0x00800178        0x0 c:/winavr-20100110/bin/../lib/gcc/avr/4.3.3/avr5\libgcc.a(_udivmodqi4.o)
 .bss           0x00800178        0x0 c:/winavr-20100110/bin/../lib/gcc/avr/4.3.3/avr5\libgcc.a(_udivmodhi4.o)
 .bss           0x00800178        0x0 c:/winavr-20100110/bin/../lib/gcc/avr/4.3.3/avr5\libgcc.a(_divmodhi4.o)
 .bss           0x00800178        0x0 c:/winavr-20100110/bin/../lib/gcc/avr/4.3.3/avr5\libgcc.a(_exit.o)
 .bss           0x00800178        0x0 c:/winavr-20100110/bin/../lib/gcc/avr/4.3.3/avr5\libgcc.a(_copy_data.o)
 .bss           0x00800178        0x0 c:/winavr-20100110/bin/../lib/gcc/avr/4.3.3/avr5\libgcc.a(_clear_bss.o)
 .bss           0x00800178        0x0 c:/winavr-20100110/bin/../lib/gcc/avr/4.3.3/../../../../avr/lib/avr5\libc.a(fputs.o)
 .bss           0x00800178        0x0 c:/winavr-20100110/bin/../lib/gcc/avr/4.3.3/../../../../avr/lib/avr5\libc.a(iob.o)
 .bss           0x00800178        0x0 c:/winavr-20100110/bin/../lib/gcc/avr/4.3.3/avr5\libgcc.a(_epilogue.o)
 *(.bss*)
 *(COMMON)
 COMMON         0x00800178       0x10 DMM.o
                0x00800178                rangeIdxMod
                0x00800179                elapsedTime
                0x0080017b                autoRange
                0x0080017c                keyState
                0x0080017d                triggerPoll
                0x0080017e                mode
                0x0080017f                prevKeyState
                0x00800180                curKey
                0x00800181                debounceTime
                0x00800183                checkKey
                0x00800184                returnMode
                0x00800185                rangeIdx
                0x00800186                manPage
                0x00800187                justSwitched
 COMMON         0x00800188        0x6 c:/winavr-20100110/bin/../lib/gcc/avr/4.3.3/../../../../avr/lib/avr5\libc.a(iob.o)
                0x00800188                __iob
                0x0080018e                PROVIDE (__bss_end, .)
                0x00000e9a                __data_load_start = LOADADDR (.data)
                0x00000ec0                __data_load_end = (__data_load_start + SIZEOF (.data))

.noinit         0x0080018e        0x0
                0x0080018e                PROVIDE (__noinit_start, .)
 *(.noinit*)
                0x0080018e                PROVIDE (__noinit_end, .)
                0x0080018e                _end = .
                0x0080018e                PROVIDE (__heap_start, .)

.eeprom         0x00810000        0x0
 *(.eeprom*)
                0x00810000                __eeprom_end = .

.fuse
 *(.fuse)
 *(.lfuse)
 *(.hfuse)
 *(.efuse)

.lock
 *(.lock*)

.signature
 *(.signature*)

.stab
 *(.stab)

.stabstr
 *(.stabstr)

.stab.excl
 *(.stab.excl)

.stab.exclstr
 *(.stab.exclstr)

.stab.index
 *(.stab.index)

.stab.indexstr
 *(.stab.indexstr)

.comment
 *(.comment)

.debug
 *(.debug)

.line
 *(.line)

.debug_srcinfo
 *(.debug_srcinfo)

.debug_sfnames
 *(.debug_sfnames)

.debug_aranges  0x00000000       0x60
 *(.debug_aranges)
 .debug_aranges
                0x00000000       0x20 DMM.o
 .debug_aranges
                0x00000020       0x20 lcd_lib.o
 .debug_aranges
                0x00000040       0x20 uart.o

.debug_pubnames
                0x00000000      0x53b
 *(.debug_pubnames)
 .debug_pubnames
                0x00000000      0x3a0 DMM.o
 .debug_pubnames
                0x000003a0      0x159 lcd_lib.o
 .debug_pubnames
                0x000004f9       0x42 uart.o

.debug_info     0x00000000     0x1310
 *(.debug_info)
 .debug_info    0x00000000      0x8b1 DMM.o
 .debug_info    0x000008b1      0x83f lcd_lib.o
 .debug_info    0x000010f0      0x220 uart.o
 *(.gnu.linkonce.wi.*)

.debug_abbrev   0x00000000      0x563
 *(.debug_abbrev)
 .debug_abbrev  0x00000000      0x269 DMM.o
 .debug_abbrev  0x00000269      0x1bb lcd_lib.o
 .debug_abbrev  0x00000424      0x13f uart.o

.debug_line     0x00000000      0xf65
 *(.debug_line)
 .debug_line    0x00000000      0x80a DMM.o
 .debug_line    0x0000080a      0x52c lcd_lib.o
 .debug_line    0x00000d36      0x22f uart.o

.debug_frame    0x00000000      0x220
 *(.debug_frame)
 .debug_frame   0x00000000       0xa0 DMM.o
 .debug_frame   0x000000a0      0x140 lcd_lib.o
 .debug_frame   0x000001e0       0x40 uart.o

.debug_str      0x00000000      0x53f
 *(.debug_str)
 .debug_str     0x00000000      0x3a9 DMM.o
                                0x3e2 (size before relaxing)
 .debug_str     0x000003a9      0x15b lcd_lib.o
                                0x24a (size before relaxing)
 .debug_str     0x00000504       0x3b uart.o
                                 0xfc (size before relaxing)

.debug_loc      0x00000000      0x89e
 *(.debug_loc)
 .debug_loc     0x00000000      0x1ab DMM.o
 .debug_loc     0x000001ab      0x564 lcd_lib.o
 .debug_loc     0x0000070f      0x18f uart.o

.debug_macinfo
 *(.debug_macinfo)
OUTPUT(DMM.elf elf32-avr)
LOAD linker stubs
